PASS: 표준(0·True·3) → ok
PASS: 승인 None(=0)도 표준 → ok
PASS: 승인1(정보성) → ok
PASS: B1: checks=0(빈목록) → drift
PASS: B1: checks=-1(null) → drift
PASS: enforce_admins False → drift
PASS: appr='?'(파싱실패) → drift
PASS: chk='?'(파싱실패) → drift
PASS: 복합(1·False·0) → drift
PASS: 솔로엄격0: 승인0 → ok
PASS: 솔로엄격0: 승인1 → drift
PASS: 팀1: 승인1 → ok
PASS: 팀1: 승인2 → ok(≥N)
PASS: 팀1: 승인0 → drift(미달)
PASS: 팀1: None → drift(승인없음)
PASS: 팀2: 승인1 → drift(미달)
PASS: strict=False → drift
PASS: strict=True → ok
PASS: strict='' (미지정) → 무관(chk가 판정)
PASS: fpush=False(force-push 차단) → ok
PASS: fpush=True(force-push 허용) → drift
PASS: fpush='?'(파싱실패) → drift
PASS: fpush='' (미지정) → 무관(ok)
PASS: del=True(삭제 허용) → drift
PASS: del=False(삭제 차단) → ok
PASS: conversation=False → drift
PASS: conversation=True → ok
PASS: CSV 3개 → JSON 배열
PASS: 공백 trim
PASS: 빈 항목 제거
PASS: 단일 context
PASS: 승인0 → null(솔로)
PASS: 승인1 → 승인1+dismiss_stale
PASS: 승인2 → 승인2+dismiss_stale
PASS: 비숫자 → null(fail-safe)
PASS: 값없는 --approvals → exit 2
PASS: 값없는 --contexts → exit 2
PASS: 미지정 인자 → exit 2
PASS: CLI 팀1: main 승인2+dismiss, develop 승인0 → exit 0
PASS: CLI 팀1: main dismiss_stale=false → exit nonzero
PASS: CLI 팀1: develop 승인1 → exit nonzero
PASS: CLI exact contexts 일치 → exit 0
PASS: CLI exact contexts 순서·중복 정규화 → exit 0
PASS: CLI exact contexts 누락 → exit nonzero
PASS: CLI repo/branch 조회 실패 → exit nonzero
PASS: CLI apply-mode repo/branch 조회 실패 → exit nonzero
PASS: CLI apply post-read success → exit 0
PASS: CLI apply post-read contexts drift → exit nonzero
PASS: CLI apply post-read strict drift → exit nonzero
PASS: CLI apply post-read admin drift → exit nonzero
PASS: CLI apply post-read review drift → exit nonzero
PASS: CLI apply post-read force-push drift → exit nonzero
PASS: CLI apply post-read deletion drift → exit nonzero
PASS: check-runs 조회 실패는 쓰기 0
PASS: develop 조회 실패 전에 main도 쓰기 0
PASS: malformed check-runs는 쓰기 0
PASS: 목록 아닌 check-runs는 쓰기 0
PASS: 빈 감지 목록은 보호를 약화하지 않음
PASS: 문자열 아닌 context는 쓰기 0
PASS: 명시적 빈 context도 쓰기 0
PASS: develop 브랜치 실패 전 main도 쓰기 0

결과: PASS=61 FAIL=0
